﻿
> frontend@0.0.0 build
> vite build

[36mvite v8.0.2 [32mbuilding client environment for production...[36m[39m
[2K
transforming...Γ£ô 20 modules transformed.
node.exe : 
[33m[lightningcss 
minify] Unknown at 
rule: @tailwind
At C:\Program Files\nod
ejs\npm.ps1:29 char:3
+   & $NODE_EXE 
$NPM_CLI_JS $args
+   ~~~~~~~~~~~~~~~~~~~
~~~~~~~~~~
    + CategoryInfo     
         : 
NotSpecified: ([33m[l 
   ightning...rule: 
@tailwi    nd:String) 
[], RemoteExc    eption
    + 
FullyQualifiedErrorId  
   : NativeCommandError
 
1  |  @import url('http
s://fonts.googleapis.co
m/css2?family=Inter:wgh
t@300;400;500;600;700&d
isplay=swap');
2  |  
3  |  @tailwind base;
   |           ^
4  |  
5  |  @tailwind 
components;[39m
[33m[lightningcss 
minify] Unknown at 
rule: @tailwind
3  |  @tailwind base;
4  |  
5  |  @tailwind 
components;
   |           ^
6  |  
7  |  @tailwind 
utilities;[39m
[33m[lightningcss 
minify] Unknown at 
rule: @tailwind
5  |  @tailwind 
components;
6  |  
7  |  @tailwind 
utilities;
   |           ^
8  |  
9  |  @layer base 
{[39m
[33m[lightningcss 
minify] Unknown at 
rule: @apply
9  |  @layer base {
10 |    body {
11 |      @apply m-0 
min-h-screen 
text-white font-sans 
antialiased;
   |            ^
12 |      background: l
inear-gradient(135deg, 
#050B14 0%, #0A192F 
100%);
13 |      
background-attachment: 
fixed;[39m
[33m[lightningcss 
minify] Unknown at 
rule: @apply
17 |  @layer utilities 
{
18 |    .glass-panel {
19 |      @apply 
bg-glass 
backdrop-blur-md 
border 
border-glassBorder shad
ow-[0_8px_32px_0_rgba(0
,0,0,0.37)] 
rounded-2xl;
   |            ^
20 |    }
21 |  }[39m
rendering chunks...
computing gzip size...
dist/index.html                   0.45 kB Γöé gzip:  0.29 kB
dist/assets/index-Df0P7jlA.css    0.41 kB Γöé gzip:  0.31 kB
dist/assets/index-CcsM3-Wf.js   197.77 kB Γöé gzip: 62.36 kB

[31mΓ£ù[39m Build 
failed in 119ms
[31merror during 
build:
[31mBuild failed with 
1 error:

Error: [vite]: 
Rolldown failed to 
resolve import 
"lucide-react" from "D:
/mani_project/frontend/
src/components/UploadCa
rd.jsx".
This is most likely 
unintended because it 
can break your 
application at runtime.
If you do want to 
externalize this 
module explicitly add 
it to
`build.rollupOptions.ex
ternal`
    at viteLog (file://
/D:/mani_project/fronte
nd/node_modules/vite/di
st/node/chunks/node.js:
32922:57)
    at file:///D:/mani_
project/frontend/node_m
odules/vite/dist/node/c
hunks/node.js:32958:71
    at onwarn (file:///
D:/mani_project/fronten
d/node_modules/@vitejs/
plugin-react/dist/index
.js:40:7)
    at file:///D:/mani_
project/frontend/node_m
odules/vite/dist/node/c
hunks/node.js:32958:28
    at onRollupLog (fil
e:///D:/mani_project/fr
ontend/node_modules/vit
e/dist/node/chunks/node
.js:32953:63)
    at onLog (file:///D
:/mani_project/frontend
/node_modules/vite/dist
/node/chunks/node.js:32
723:4)
    at file:///D:/mani_
project/frontend/node_m
odules/rolldown/dist/sh
ared/rolldown-build-CL9
PyQ2E.mjs:49:26
    at logger (file:///
D:/mani_project/fronten
d/node_modules/rolldown
/dist/shared/rolldown-b
uild-CL9PyQ2E.mjs:40:3)
    at onLog (file:///D
:/mani_project/frontend
/node_modules/rolldown/
dist/shared/bindingify-
input-options-DVAZE22h.
mjs:1972:32)[31m
    at aggregateBinding
ErrorsIntoJsError (file
:///D:/mani_project/fro
ntend/node_modules/roll
down/dist/shared/error-
D8cGyrC7.mjs:48:18)
    at 
unwrapBindingResult (fi
le:///D:/mani_project/f
rontend/node_modules/ro
lldown/dist/shared/erro
r-D8cGyrC7.mjs:18:128)
    at #build (file:///
D:/mani_project/fronten
d/node_modules/rolldown
/dist/shared/rolldown-b
uild-CL9PyQ2E.mjs:3313:
34)
    at async 
buildEnvironment (file:
///D:/mani_project/fron
tend/node_modules/vite/
dist/node/chunks/node.j
s:32829:64)
    at async 
Object.build (file:///D
:/mani_project/frontend
/node_modules/vite/dist
/node/chunks/node.js:33
251:19)
    at async 
Object.buildApp (file:/
//D:/mani_project/front
end/node_modules/vite/d
ist/node/chunks/node.js
:33248:153)
    at async 
CAC.<anonymous> (file:/
//D:/mani_project/front
end/node_modules/vite/d
ist/node/cli.js:778:3) 
{
  errors: 
[Getter/Setter]
}[39m
